// Jest Snapshot v1, https://goo.gl/fbAQLP

exports[`Cocktail Container should match the Cocktail Container snapshot 1`] = `undefined`;
