// Jest Snapshot v1, https://goo.gl/fbAQLP

exports[`Party List should match the Party List Snapshot 1`] = `undefined`;
