// Jest Snapshot v1, https://goo.gl/fbAQLP

exports[`Cocktail Search should match the snapshot 1`] = `undefined`;
