// Jest Snapshot v1, https://goo.gl/fbAQLP

exports[`Drink List should match the snapshot 1`] = `undefined`;
